BL51 BANKED LINKER/LOCATER V6.22.2.0                                                    01/07/2022  13:54:39  PAGE 1


BL51 BANKED LINKER/LOCATER V6.22.2.0, INVOKED BY:
C:\KEIL_V5\C51\BIN\BL51.EXE STARTUP.obj, NB1600.obj TO Test


MEMORY MODEL: SMALL WITH FLOATING POINT ARITHMETIC


INPUT MODULES INCLUDED:
  STARTUP.obj (?C_STARTUP)
  NB1600.obj (NB1600)
  C:\KEIL_V5\C51\LIB\C51FPS.LIB (?C?FPMUL)
  C:\KEIL_V5\C51\LIB\C51FPS.LIB (?C?FCAST)
  C:\KEIL_V5\C51\LIB\C51FPS.LIB (?C?CASTF)
  C:\KEIL_V5\C51\LIB\C51FPS.LIB (?C?FPGETOPN)
  C:\KEIL_V5\C51\LIB\C51S.LIB (?C_INIT)
  C:\KEIL_V5\C51\LIB\C51S.LIB (?C?IMUL)
  C:\KEIL_V5\C51\LIB\C51S.LIB (?C?UIDIV)
  C:\KEIL_V5\C51\LIB\C51S.LIB (?C?SIDIV)
  C:\KEIL_V5\C51\LIB\C51S.LIB (?C?ILDPTR)
  C:\KEIL_V5\C51\LIB\C51S.LIB (?C?ILDOPTR)
  C:\KEIL_V5\C51\LIB\C51S.LIB (?C?IILDOPTR)
  C:\KEIL_V5\C51\LIB\C51S.LIB (?C?ISTOPTR)
  C:\KEIL_V5\C51\LIB\C51S.LIB (?C?LNEG)
  C:\KEIL_V5\C51\LIB\C51S.LIB (?C?MEMSET)
  C:\KEIL_V5\C51\LIB\C51S.LIB (?C?IILDX)


LINK MAP OF MODULE:  Test (?C_STARTUP)


            TYPE    BASE      LENGTH    RELOCATION   SEGMENT NAME
            -----------------------------------------------------

            * * * * * * *   D A T A   M E M O R Y   * * * * * * *
            REG     0000H     0008H     ABSOLUTE     "REG BANK 0"
            DATA    0008H     002CH     UNIT         ?DT?NB1600
            DATA    0034H     0007H     UNIT         _DATA_GROUP_
            IDATA   003BH     0001H     UNIT         ?STACK

            * * * * * * *   C O D E   M E M O R Y   * * * * * * *
            CODE    0000H     0003H     ABSOLUTE     
                    0003H     0008H                  *** GAP ***
            CODE    000BH     0003H     ABSOLUTE     
                    000EH     07F2H                  *** GAP ***
            CODE    0800H     038FH     UNIT         ?C?LIB_CODE
            CODE    0B8FH     00EAH     UNIT         ?PR?COMPARE_TEMPER?NB1600
            CODE    0C79H     00D1H     UNIT         ?PR?_SHOW_3TEMP?NB1600
            CODE    0D4AH     00BCH     UNIT         ?PR?KEYSCAN?NB1600
            CODE    0E06H     00A2H     UNIT         ?PR?_PIDCALC?NB1600
            CODE    0EA8H     008CH     UNIT         ?C_C51STARTUP
            CODE    0F34H     007DH     UNIT         ?PR?GET_TEMPER?NB1600
            CODE    0FB1H     0065H     UNIT         ?PR?_DIS_TEMP?NB1600
            CODE    1016H     004EH     UNIT         ?PR?MAIN?NB1600
            CODE    1064H     002AH     UNIT         ?PR?_DELAY?NB1600
            CODE    108EH     002AH     UNIT         ?PR?SERVE_T0?NB1600
            CODE    10B8H     0021H     UNIT         ?PR?DS1820RST?NB1600
            CODE    10D9H     0020H     UNIT         ?PR?DS1820RD?NB1600
            CODE    10F9H     001CH     UNIT         ?PR?_DS1820WR?NB1600
BL51 BANKED LINKER/LOCATER V6.22.2.0                                                  01/07/2022  13:54:39  PAGE 2


            CODE    1115H     0010H     UNIT         ?C_INITSEG
            CODE    1125H     000CH     UNIT         ?CO?NB1600
            CODE    1131H     000BH     UNIT         ?PR?_DELAY_18B20?NB1600
            CODE    113CH     0009H     UNIT         ?PR?_PIDINIT?NB1600
            CODE    1145H     0004H     UNIT         ?PR?INIT?NB1600



OVERLAY MAP OF MODULE:   Test (?C_STARTUP)


SEGMENT                             DATA_GROUP 
  +--> CALLED SEGMENT             START    LENGTH
-------------------------------------------------
?C_C51STARTUP                     -----    -----
  +--> ?PR?MAIN?NB1600
  +--> ?C_INITSEG

?PR?MAIN?NB1600                   -----    -----
  +--> ?PR?INIT?NB1600
  +--> ?PR?_PIDINIT?NB1600
  +--> ?PR?_DELAY?NB1600
  +--> ?PR?KEYSCAN?NB1600
  +--> ?PR?GET_TEMPER?NB1600
  +--> ?PR?_DIS_TEMP?NB1600
  +--> ?PR?COMPARE_TEMPER?NB1600

?PR?KEYSCAN?NB1600                0034H    0002H
  +--> ?PR?_DELAY?NB1600

?PR?GET_TEMPER?NB1600             -----    -----
  +--> ?PR?DS1820RST?NB1600
  +--> ?PR?_DS1820WR?NB1600
  +--> ?PR?DS1820RD?NB1600

?PR?DS1820RST?NB1600              0035H    0001H
  +--> ?PR?_DELAY_18B20?NB1600

?PR?_DS1820WR?NB1600              -----    -----
  +--> ?PR?_DELAY_18B20?NB1600

?PR?DS1820RD?NB1600               -----    -----
  +--> ?PR?_DELAY_18B20?NB1600

?PR?_DIS_TEMP?NB1600              -----    -----
  +--> ?PR?_DELAY?NB1600
  +--> ?PR?_SHOW_3TEMP?NB1600

?PR?_SHOW_3TEMP?NB1600            0034H    0007H
  +--> ?CO?NB1600
  +--> ?PR?_DELAY?NB1600

?PR?COMPARE_TEMPER?NB1600         0034H    0001H
  +--> ?PR?GET_TEMPER?NB1600
  +--> ?PR?_PIDCALC?NB1600
  +--> ?PR?_DELAY_18B20?NB1600

BL51 BANKED LINKER/LOCATER V6.22.2.0                                                  01/07/2022  13:54:39  PAGE 3


?PR?_PIDCALC?NB1600               0035H    0004H



SYMBOL TABLE OF MODULE:  Test (?C_STARTUP)

  VALUE           TYPE          NAME
  ----------------------------------

  -------         MODULE        ?C_STARTUP
  C:0EA8H         SEGMENT       ?C_C51STARTUP
  I:003BH         SEGMENT       ?STACK
  C:0000H         PUBLIC        ?C_STARTUP
  D:00E0H         SYMBOL        ACC
  D:00F0H         SYMBOL        B
  D:0083H         SYMBOL        DPH
  D:0082H         SYMBOL        DPL
  N:0000H         SYMBOL        IBPSTACK
  N:0100H         SYMBOL        IBPSTACKTOP
  N:0080H         SYMBOL        IDATALEN
  C:0EABH         SYMBOL        IDATALOOP
  N:0000H         SYMBOL        PBPSTACK
  N:0100H         SYMBOL        PBPSTACKTOP
  N:0000H         SYMBOL        PDATALEN
  N:0000H         SYMBOL        PDATASTART
  N:0000H         SYMBOL        PPAGE
  N:0000H         SYMBOL        PPAGEENABLE
  D:00A0H         SYMBOL        PPAGE_SFR
  D:0081H         SYMBOL        SP
  C:0EA8H         SYMBOL        STARTUP1
  N:0000H         SYMBOL        XBPSTACK
  N:0000H         SYMBOL        XBPSTACKTOP
  N:0000H         SYMBOL        XDATALEN
  N:0000H         SYMBOL        XDATASTART
  C:0000H         LINE#         126
  C:0EA8H         LINE#         133
  C:0EAAH         LINE#         134
  C:0EABH         LINE#         135
  C:0EACH         LINE#         136
  C:0EAEH         LINE#         185
  C:0EB1H         LINE#         196
  -------         ENDMOD        ?C_STARTUP

  -------         MODULE        NB1600
  C:0000H         SYMBOL        _ICE_DUMMY_
  D:0008H         PUBLIC        f_temp
  C:10B8H         PUBLIC        ds1820rst
  D:0080H         PUBLIC        P0
  C:1131H         PUBLIC        _delay_18B20
  D:0090H         PUBLIC        P1
  D:00A0H         PUBLIC        P2
  D:00B0H         PUBLIC        P3
  B:00A8H.7       PUBLIC        EA
  C:108EH         PUBLIC        serve_T0
  D:00A8H         PUBLIC        IE
  C:10F9H         PUBLIC        _ds1820wr
  C:0C79H         PUBLIC        _show_3temp
BL51 BANKED LINKER/LOCATER V6.22.2.0                                                  01/07/2022  13:54:39  PAGE 4


  D:000CH         PUBLIC        tflag
  D:000DH         PUBLIC        temper
  C:106EH         PUBLIC        _delay
  D:000FH         PUBLIC        tvalue
  B:00B0H.2       PUBLIC        DQ
  D:00B8H         PUBLIC        IP
  C:1016H         PUBLIC        main
  D:0011H         PUBLIC        count
  D:0012H         PUBLIC        spid
  C:0F34H         PUBLIC        get_temper
  D:0020H         PUBLIC        high_time
  D:0098H         PUBLIC        SCON
  B:00A0H.7       PUBLIC        output
  D:0089H         PUBLIC        TMOD
  D:0088H         PUBLIC        TCON
  C:1145H         PUBLIC        init
  C:1125H         PUBLIC        LEDzf
  D:0021H         PUBLIC        temp
  B:00A8H.1       PUBLIC        ET0
  D:0023H         PUBLIC        rin
  B:00A0H.5       PUBLIC        ledgreen
  D:0025H         PUBLIC        rout
  D:008CH         PUBLIC        TH0
  D:0027H         PUBLIC        set
  D:008AH         PUBLIC        TL0
  D:0029H         PUBLIC        num
  C:1127H         PUBLIC        LEDData
  C:0E16H         PUBLIC        _PIDCalc
  B:0088H.4       PUBLIC        TR0
  C:0FB1H         PUBLIC        _dis_temp
  C:0B8FH         PUBLIC        compare_temper
  D:002AH         PUBLIC        set_temper_min
  D:002CH         PUBLIC        low_time
  D:002DH         PUBLIC        set_temper_max
  D:00C8H         PUBLIC        T2CON
  D:002FH         PUBLIC        temp1
  D:0030H         PUBLIC        n
  C:0D4AH         PUBLIC        keyscan
  D:0031H         PUBLIC        s
  B:00A0H.6       PUBLIC        ledred
  C:113CH         PUBLIC        _PIDInit
  D:0033H         PUBLIC        t3num
  D:00D0H         PUBLIC        PSW
  C:10D9H         PUBLIC        ds1820rd
  C:106AH         SYMBOL        L?0109
  -------         PROC          L?0108
  -------         ENDPROC       L?0108
  C:106AH         SYMBOL        L?0109
  -------         PROC          _DELAY
  D:0006H         SYMBOL        i
  -------         DO            
  D:0004H         SYMBOL        j
  -------         ENDDO         
  C:106EH         LINE#         63
  C:106EH         LINE#         64
  C:106EH         LINE#         66
  C:1079H         LINE#         67
BL51 BANKED LINKER/LOCATER V6.22.2.0                                                  01/07/2022  13:54:39  PAGE 5


  C:108DH         LINE#         68
  -------         ENDPROC       _DELAY
  -------         PROC          INIT
  C:1145H         LINE#         73
  C:1145H         LINE#         74
  C:1145H         LINE#         75
  C:1148H         LINE#         76
  -------         ENDPROC       INIT
  -------         PROC          _DELAY_18B20
  D:0006H         SYMBOL        i
  C:1131H         LINE#         83
  C:1131H         LINE#         84
  C:1131H         LINE#         85
  C:113BH         LINE#         86
  -------         ENDPROC       _DELAY_18B20
  -------         PROC          DS1820RST
  -------         DO            
  D:0035H         SYMBOL        x
  -------         ENDDO         
  C:10B8H         LINE#         91
  C:10B8H         LINE#         92
  C:10B8H         LINE#         93
  C:10BBH         LINE#         94
  C:10BDH         LINE#         95
  C:10C3H         LINE#         96
  C:10C5H         LINE#         97
  C:10C7H         LINE#         98
  C:10CEH         LINE#         99
  C:10D0H         LINE#         100
  C:10D2H         LINE#         101
  -------         ENDPROC       DS1820RST
  -------         PROC          DS1820RD
  -------         DO            
  D:0005H         SYMBOL        i
  D:0003H         SYMBOL        dat
  -------         ENDDO         
  C:10D9H         LINE#         107
  C:10D9H         LINE#         108
  C:10D9H         LINE#         109
  C:10DAH         LINE#         110
  C:10DBH         LINE#         111
  C:10DDH         LINE#         112
  C:10DFH         LINE#         113
  C:10DFH         LINE#         114
  C:10E1H         LINE#         115
  C:10E5H         LINE#         116
  C:10E7H         LINE#         117
  C:10EAH         LINE#         118
  C:10EDH         LINE#         119
  C:10F4H         LINE#         120
  C:10F6H         LINE#         121
  C:10F8H         LINE#         122
  -------         ENDPROC       DS1820RD
  -------         PROC          _DS1820WR
  D:0005H         SYMBOL        wdata
  -------         DO            
  D:0003H         SYMBOL        i
BL51 BANKED LINKER/LOCATER V6.22.2.0                                                  01/07/2022  13:54:39  PAGE 6


  -------         ENDDO         
  C:10F9H         LINE#         127
  C:10FBH         LINE#         128
  C:10FBH         LINE#         129
  C:10FBH         LINE#         130
  C:10FDH         LINE#         131
  C:10FFH         LINE#         132
  C:10FFH         LINE#         133
  C:1101H         LINE#         134
  C:1105H         LINE#         135
  C:110CH         LINE#         136
  C:110EH         LINE#         137
  C:1112H         LINE#         138
  C:1114H         LINE#         139
  -------         ENDPROC       _DS1820WR
  -------         PROC          GET_TEMPER
  -------         DO            
  D:0002H         SYMBOL        a
  D:0007H         SYMBOL        b
  -------         ENDDO         
  C:0F34H         LINE#         144
  C:0F34H         LINE#         145
  C:0F34H         LINE#         149
  C:0F37H         LINE#         150
  C:0F3CH         LINE#         151
  C:0F41H         LINE#         152
  C:0F44H         LINE#         153
  C:0F49H         LINE#         154
  C:0F4EH         LINE#         155
  C:0F53H         LINE#         156
  C:0F56H         LINE#         158
  C:0F5BH         LINE#         159
  C:0F62H         LINE#         160
  C:0F67H         LINE#         161
  C:0F69H         LINE#         162
  C:0F74H         LINE#         163
  C:0F79H         LINE#         165
  C:0F79H         LINE#         166
  C:0F8AH         LINE#         167
  C:0F8DH         LINE#         168
  C:0F8DH         LINE#         169
  C:0FA6H         LINE#         170
  C:0FACH         LINE#         171
  C:0FB0H         LINE#         172
  -------         ENDPROC       GET_TEMPER
  -------         PROC          _SHOW_3TEMP
  D:0006H         SYMBOL        t
  -------         DO            
  D:0034H         SYMBOL        tflaguse
  D:0035H         SYMBOL        d0
  D:0037H         SYMBOL        d1
  D:0039H         SYMBOL        d2
  D:0004H         SYMBOL        d3
  D:0002H         SYMBOL        dt
  -------         ENDDO         
  C:0C79H         LINE#         177
  C:0C79H         LINE#         178
BL51 BANKED LINKER/LOCATER V6.22.2.0                                                  01/07/2022  13:54:39  PAGE 7


  C:0C79H         LINE#         182
  C:0C7EH         LINE#         183
  C:0C7EH         LINE#         184
  C:0C81H         LINE#         185
  C:0C81H         LINE#         186
  C:0C83H         LINE#         188
  C:0C83H         LINE#         189
  C:0C8BH         LINE#         190
  C:0C8BH         LINE#         191
  C:0C8EH         LINE#         192
  C:0C92H         LINE#         193
  C:0C94H         LINE#         195
  C:0C94H         LINE#         196
  C:0C97H         LINE#         197
  C:0C9EH         LINE#         198
  C:0C9EH         LINE#         199
  C:0C9EH         LINE#         200
  C:0CADH         LINE#         201
  C:0CC9H         LINE#         202
  C:0CE5H         LINE#         203
  C:0CF0H         LINE#         205
  C:0CF3H         LINE#         207
  C:0CFFH         LINE#         208
  C:0D02H         LINE#         209
  C:0D05H         LINE#         211
  C:0D08H         LINE#         213
  C:0D18H         LINE#         214
  C:0D1BH         LINE#         215
  C:0D1EH         LINE#         216
  C:0D21H         LINE#         218
  C:0D24H         LINE#         220
  C:0D2EH         LINE#         221
  C:0D31H         LINE#         222
  C:0D34H         LINE#         224
  C:0D37H         LINE#         226
  C:0D3FH         LINE#         227
  C:0D46H         LINE#         228
  C:0D49H         LINE#         230
  -------         ENDPROC       _SHOW_3TEMP
  -------         PROC          _DIS_TEMP
  D:0002H         SYMBOL        t
  C:0FB1H         LINE#         231
  C:0FB5H         LINE#         232
  C:0FB5H         LINE#         233
  C:0FBAH         LINE#         234
  C:0FBAH         LINE#         235
  C:0FBDH         LINE#         236
  C:0FC0H         LINE#         237
  C:0FC7H         LINE#         238
  C:0FCAH         LINE#         239
  C:0FCEH         LINE#         240
  C:0FD0H         LINE#         241
  C:0FD5H         LINE#         242
  C:0FD5H         LINE#         243
  C:0FD8H         LINE#         244
  C:0FDBH         LINE#         245
  C:0FE2H         LINE#         246
BL51 BANKED LINKER/LOCATER V6.22.2.0                                                  01/07/2022  13:54:39  PAGE 8


  C:0FE5H         LINE#         247
  C:0FF0H         LINE#         248
  C:0FF2H         LINE#         249
  C:0FF7H         LINE#         250
  C:0FF7H         LINE#         251
  C:0FFAH         LINE#         252
  C:0FFDH         LINE#         253
  C:1004H         LINE#         254
  C:1007H         LINE#         255
  C:1015H         LINE#         256
  C:1015H         LINE#         257
  -------         ENDPROC       _DIS_TEMP
  -------         PROC          KEYSCAN
  -------         DO            
  D:0034H         SYMBOL        i
  D:0035H         SYMBOL        num
  -------         ENDDO         
  C:0D4AH         LINE#         263
  C:0D4AH         LINE#         264
  C:0D4AH         LINE#         265
  C:0D4DH         LINE#         266
  C:0D50H         LINE#         267
  C:0D50H         LINE#         268
  C:0D5DH         LINE#         269
  C:0D60H         LINE#         270
  C:0D63H         LINE#         271
  C:0D6CH         LINE#         272
  C:0D6CH         LINE#         273
  C:0D73H         LINE#         274
  C:0D76H         LINE#         275
  C:0D79H         LINE#         276
  C:0D7FH         LINE#         277
  C:0D7FH         LINE#         278
  C:0D82H         LINE#         279
  C:0D9FH         LINE#         280
  C:0D9FH         LINE#         281
  C:0D9FH         LINE#         282
  C:0DA2H         LINE#         283
  C:0DA4H         LINE#         284
  C:0DA4H         LINE#         285
  C:0DA4H         LINE#         286
  C:0DA4H         LINE#         287
  C:0DA4H         LINE#         288
  C:0DA4H         LINE#         289
  C:0DA4H         LINE#         291
  C:0DA4H         LINE#         292
  C:0DA7H         LINE#         293
  C:0DA9H         LINE#         294
  C:0DA9H         LINE#         295
  C:0DAFH         LINE#         296
  C:0DB7H         LINE#         297
  C:0DB9H         LINE#         298
  C:0DB9H         LINE#         299
  C:0DBEH         LINE#         300
  C:0DC6H         LINE#         301
  C:0DC8H         LINE#         302
  C:0DC8H         LINE#         303
BL51 BANKED LINKER/LOCATER V6.22.2.0                                                  01/07/2022  13:54:39  PAGE 9


  C:0DC8H         LINE#         305
  C:0DC8H         LINE#         306
  C:0DCBH         LINE#         307
  C:0DCDH         LINE#         308
  C:0DCDH         LINE#         309
  C:0DD2H         LINE#         310
  C:0DDAH         LINE#         311
  C:0DDCH         LINE#         312
  C:0DDCH         LINE#         313
  C:0DE1H         LINE#         314
  C:0DE9H         LINE#         315
  C:0DE9H         LINE#         316
  C:0DE9H         LINE#         317
  C:0DE9H         LINE#         319
  C:0DE9H         LINE#         320
  C:0DE9H         LINE#         321
  C:0DE9H         LINE#         322
  C:0DE9H         LINE#         323
  C:0DE9H         LINE#         324
  C:0DE9H         LINE#         325
  C:0DE9H         LINE#         326
  C:0DE9H         LINE#         328
  C:0DE9H         LINE#         329
  C:0DE9H         LINE#         330
  C:0DE9H         LINE#         331
  C:0DF1H         LINE#         332
  C:0DF1H         LINE#         333
  C:0DF4H         LINE#         334
  C:0DF7H         LINE#         335
  C:0DF9H         LINE#         336
  C:0DF9H         LINE#         337
  C:0DF9H         LINE#         338
  C:0E05H         LINE#         339
  -------         ENDPROC       KEYSCAN
  -------         PROC          _PIDINIT
  D:0001H         SYMBOL        pp
  C:113CH         LINE#         344
  C:113CH         LINE#         345
  C:113CH         LINE#         346
  -------         ENDPROC       _PIDINIT
  -------         PROC          L?0107
  -------         ENDPROC       L?0107
  -------         PROC          _PIDCALC
  D:0001H         SYMBOL        pp
  D:0004H         SYMBOL        NextPoint
  -------         DO            
  D:0035H         SYMBOL        dError
  D:0037H         SYMBOL        Error
  -------         ENDDO         
  C:0E16H         LINE#         352
  C:0E16H         LINE#         353
  C:0E16H         LINE#         355
  C:0E23H         LINE#         356
  C:0E2CH         LINE#         357
  C:0E46H         LINE#         358
  C:0E4FH         LINE#         359
  C:0E5AH         LINE#         360
BL51 BANKED LINKER/LOCATER V6.22.2.0                                                  01/07/2022  13:54:39  PAGE 10


  C:0EA7H         LINE#         363
  -------         ENDPROC       _PIDCALC
  -------         PROC          COMPARE_TEMPER
  -------         DO            
  D:0034H         SYMBOL        i
  -------         ENDDO         
  C:0B8FH         LINE#         369
  C:0B8FH         LINE#         370
  C:0B8FH         LINE#         373
  C:0B9DH         LINE#         374
  C:0BAEH         LINE#         375
  C:0BAEH         LINE#         376
  C:0BB0H         LINE#         377
  C:0BB2H         LINE#         378
  C:0BC7H         LINE#         379
  C:0BC7H         LINE#         380
  C:0BCAH         LINE#         381
  C:0BCDH         LINE#         382
  C:0BCEH         LINE#         384
  C:0BCEH         LINE#         385
  C:0BD1H         LINE#         386
  C:0BD1H         LINE#         387
  C:0BD4H         LINE#         388
  C:0BD4H         LINE#         389
  C:0BDBH         LINE#         390
  C:0BE4H         LINE#         391
  C:0BFAH         LINE#         392
  C:0BFDH         LINE#         393
  C:0C04H         LINE#         394
  C:0C0BH         LINE#         395
  C:0C0BH         LINE#         396
  C:0C0BH         LINE#         397
  C:0C1CH         LINE#         398
  C:0C1CH         LINE#         399
  C:0C1EH         LINE#         400
  C:0C20H         LINE#         401
  C:0C36H         LINE#         402
  C:0C36H         LINE#         403
  C:0C39H         LINE#         404
  C:0C3CH         LINE#         405
  C:0C3DH         LINE#         407
  C:0C3DH         LINE#         408
  C:0C40H         LINE#         409
  C:0C40H         LINE#         410
  C:0C43H         LINE#         411
  C:0C43H         LINE#         412
  C:0C4AH         LINE#         413
  C:0C53H         LINE#         414
  C:0C69H         LINE#         415
  C:0C6CH         LINE#         416
  C:0C73H         LINE#         417
  C:0C73H         LINE#         418
  C:0C74H         LINE#         420
  C:0C74H         LINE#         421
  C:0C76H         LINE#         422
  C:0C78H         LINE#         423
  C:0C78H         LINE#         424
BL51 BANKED LINKER/LOCATER V6.22.2.0                                                  01/07/2022  13:54:39  PAGE 11


  -------         ENDPROC       COMPARE_TEMPER
  -------         PROC          SERVE_T0
  C:108EH         LINE#         447
  C:1092H         LINE#         449
  C:109FH         LINE#         450
  C:10A6H         LINE#         451
  C:10A6H         LINE#         452
  C:10A8H         LINE#         453
  C:10AAH         LINE#         454
  C:10ADH         LINE#         455
  C:10B0H         LINE#         456
  C:10B3H         LINE#         457
  -------         ENDPROC       SERVE_T0
  -------         PROC          MAIN
  C:1016H         LINE#         461
  C:1016H         LINE#         462
  C:1016H         LINE#         464
  C:1019H         LINE#         465
  C:101CH         LINE#         466
  C:101FH         LINE#         467
  C:1022H         LINE#         468
  C:1024H         LINE#         469
  C:1026H         LINE#         470
  C:1028H         LINE#         471
  C:102BH         LINE#         472
  C:102EH         LINE#         473
  C:1037H         LINE#         475
  C:103DH         LINE#         476
  C:1043H         LINE#         477
  C:1049H         LINE#         478
  C:104FH         LINE#         479
  C:104FH         LINE#         480
  C:104FH         LINE#         481
  C:1056H         LINE#         482
  C:1059H         LINE#         483
  C:105FH         LINE#         484
  C:1062H         LINE#         485
  -------         ENDPROC       MAIN
  -------         ENDMOD        NB1600

  -------         MODULE        ?C?FPMUL
  C:0800H         PUBLIC        ?C?FPMUL
  -------         ENDMOD        ?C?FPMUL

  -------         MODULE        ?C?FCAST
  C:0910H         PUBLIC        ?C?FCASTC
  C:090BH         PUBLIC        ?C?FCASTI
  C:0906H         PUBLIC        ?C?FCASTL
  -------         ENDMOD        ?C?FCAST

  -------         MODULE        ?C?CASTF
  C:0944H         PUBLIC        ?C?CASTF
  -------         ENDMOD        ?C?CASTF

  -------         MODULE        ?C?IMUL
  C:09C5H         PUBLIC        ?C?IMUL
  -------         ENDMOD        ?C?IMUL
BL51 BANKED LINKER/LOCATER V6.22.2.0                                                  01/07/2022  13:54:39  PAGE 12



  -------         MODULE        ?C?UIDIV
  C:09D7H         PUBLIC        ?C?UIDIV
  -------         ENDMOD        ?C?UIDIV

  -------         MODULE        ?C?SIDIV
  C:0A2CH         PUBLIC        ?C?SIDIV
  -------         ENDMOD        ?C?SIDIV

  -------         MODULE        ?C?ILDPTR
  C:0A62H         PUBLIC        ?C?ILDPTR
  -------         ENDMOD        ?C?ILDPTR

  -------         MODULE        ?C?ILDOPTR
  C:0A8DH         PUBLIC        ?C?ILDOPTR
  -------         ENDMOD        ?C?ILDOPTR

  -------         MODULE        ?C?IILDOPTR
  C:0AC5H         PUBLIC        ?C?IILDOPTR
  -------         ENDMOD        ?C?IILDOPTR

  -------         MODULE        ?C?ISTOPTR
  C:0B12H         PUBLIC        ?C?ISTOPTR
  -------         ENDMOD        ?C?ISTOPTR

  -------         MODULE        ?C?LNEG
  C:0B3FH         PUBLIC        ?C?LNEG
  -------         ENDMOD        ?C?LNEG

  -------         MODULE        ?C?MEMSET
  C:0B4DH         PUBLIC        ?C?MEMSET
  -------         ENDMOD        ?C?MEMSET

  -------         MODULE        ?C?IILDX
  C:0B79H         PUBLIC        ?C?IILDX
  -------         ENDMOD        ?C?IILDX

******************************************************************************
* RESTRICTED VERSION WITH 0800H BYTE CODE SIZE LIMIT; USED: 053FH BYTE (65%) *
******************************************************************************

Program Size: data=60.0 xdata=0 code=2383
LINK/LOCATE RUN COMPLETE.  0 WARNING(S),  0 ERROR(S)
